#
# There is insufficient memory for the Java Runtime Environment to continue.
# Native memory allocation (malloc) failed to allocate 1976144 bytes. Error detail: Chunk::new
# Possible reasons:
#   The system is out of physical RAM or swap space
#   This process is running with CompressedOops enabled, and the Java Heap may be blocking the growth of the native heap
# Possible solutions:
#   Reduce memory load on the system
#   Increase physical memory or swap space
#   Check if swap backing store is full
#   Decrease Java heap size (-Xmx/-Xms)
#   Decrease number of Java threads
#   Decrease Java thread stack sizes (-Xss)
#   Set larger code cache with -XX:ReservedCodeCacheSize=
#   JVM is running with Zero Based Compressed Oops mode in which the Java heap is
#     placed in the first 32GB address space. The Java Heap base address is the
#     maximum limit for the native heap growth. Please use -XX:HeapBaseMinAddress
#     to set the Java Heap base and to place the Java Heap above 32GB virtual address.
# This output file may be truncated or incomplete.
#
#  Out of Memory Error (arena.cpp:191), pid=23536, tid=9160
#
# JRE version: OpenJDK Runtime Environment Microsoft-13877129 (17.0.19+10) (build 17.0.19+10-LTS)
# Java VM: OpenJDK 64-Bit Server VM Microsoft-13877129 (17.0.19+10-LTS, mixed mode, sharing, tiered, compressed oops, compressed class ptrs, g1 gc, windows-amd64)
# No core dump will be written. Minidumps are not enabled by default on client versions of Windows
#

---------------  S U M M A R Y ------------

Command Line: -javaagent:C:\Program Files\JetBrains\IntelliJ IDEA 2024.2.0.2\lib\idea_rt.jar=57605 -Dfile.encoding=UTF-8 iuh.fit.app.Launcher

Host: AMD Ryzen 7 5800H with Radeon Graphics         , 16 cores, 15G,  Windows 11 , 64 bit Build 26100 (10.0.26100.8246)
Time: Fri May  8 12:55:59 2026 SE Asia Standard Time elapsed time: 81.054069 seconds (0d 0h 1m 21s)

---------------  T H R E A D  ---------------

Current thread (0x000001e6f402e840):  JavaThread "C2 CompilerThread0" daemon [_thread_in_native, id=9160, stack(0x0000007473900000,0x0000007473a00000)]


Current CompileTask:
C2:81054 12562       4       com.sun.javafx.geom.AreaOp::pruneEdges (981 bytes)

Stack: [0x0000007473900000,0x0000007473a00000]
Native frames: (J=compiled Java code, j=interpreted, Vv=VM code, C=native code)
V  [jvm.dll+0x68cc89]  (no source info available)
V  [jvm.dll+0x845d89]  (no source info available)
V  [jvm.dll+0x847af8]  (no source info available)
V  [jvm.dll+0x848183]  (no source info available)
V  [jvm.dll+0x24d0bf]  (no source info available)
V  [jvm.dll+0xaed56]  (no source info available)
V  [jvm.dll+0xaf3fc]  (no source info available)
V  [jvm.dll+0x3718be]  (no source info available)
V  [jvm.dll+0x33baf5]  (no source info available)
V  [jvm.dll+0x33af5a]  (no source info available)
V  [jvm.dll+0x21dfc9]  (no source info available)
V  [jvm.dll+0x21d412]  (no source info available)
V  [jvm.dll+0x1a8db6]  (no source info available)
V  [jvm.dll+0x22dc6b]  (no source info available)
V  [jvm.dll+0x22bdf6]  (no source info available)
V  [jvm.dll+0x7fbecb]  (no source info available)
V  [jvm.dll+0x7f62cc]  (no source info available)
V  [jvm.dll+0x68e227]  (no source info available)
C  [ucrtbase.dll+0x37b0]  (no source info available)
C  [KERNEL32.DLL+0x2e8d7]  (no source info available)
C  [ntdll.dll+0x8c3fc]  (no source info available)


---------------  P R O C E S S  ---------------

Threads class SMR info:
_java_thread_list=0x000001e6c6a26650, length=24, elements={
0x000001e6efb43e90, 0x000001e6efb46770, 0x000001e6f402c1d0, 0x000001e6f402caa0,
0x000001e6f402d370, 0x000001e6f402dc40, 0x000001e6f402e840, 0x000001e6f4037210,
0x000001e6f4038b30, 0x000001e6f41548b0, 0x000001e6f44a0080, 0x000001e6f44a0560,
0x000001e6f471eec0, 0x000001e6f4a159a0, 0x000001e6f50aad90, 0x000001e6f51a1a50,
0x000001e6f5189dc0, 0x000001e6f51893a0, 0x000001e6f518acf0, 0x000001e6f518a7e0,
0x000001e6f5188470, 0x000001e6c24e25b0, 0x000001e6c24e1b10, 0x000001e6c2b34060
}

Java Threads: ( => current thread )
  0x000001e6efb43e90 JavaThread "Reference Handler" daemon [_thread_blocked, id=4092, stack(0x0000007473300000,0x0000007473400000)]
  0x000001e6efb46770 JavaThread "Finalizer" daemon [_thread_blocked, id=4748, stack(0x0000007473400000,0x0000007473500000)]
  0x000001e6f402c1d0 JavaThread "Signal Dispatcher" daemon [_thread_blocked, id=19968, stack(0x0000007473500000,0x0000007473600000)]
  0x000001e6f402caa0 JavaThread "Attach Listener" daemon [_thread_blocked, id=9140, stack(0x0000007473600000,0x0000007473700000)]
  0x000001e6f402d370 JavaThread "Service Thread" daemon [_thread_blocked, id=22400, stack(0x0000007473700000,0x0000007473800000)]
  0x000001e6f402dc40 JavaThread "Monitor Deflation Thread" daemon [_thread_blocked, id=14408, stack(0x0000007473800000,0x0000007473900000)]
=>0x000001e6f402e840 JavaThread "C2 CompilerThread0" daemon [_thread_in_native, id=9160, stack(0x0000007473900000,0x0000007473a00000)]
  0x000001e6f4037210 JavaThread "C1 CompilerThread0" daemon [_thread_blocked, id=11088, stack(0x0000007473a00000,0x0000007473b00000)]
  0x000001e6f4038b30 JavaThread "Sweeper thread" daemon [_thread_blocked, id=21200, stack(0x0000007473b00000,0x0000007473c00000)]
  0x000001e6f41548b0 JavaThread "Common-Cleaner" daemon [_thread_blocked, id=12024, stack(0x0000007473c00000,0x0000007473d00000)]
  0x000001e6f44a0080 JavaThread "Monitor Ctrl-Break" daemon [_thread_in_native, id=2444, stack(0x0000007474000000,0x0000007474100000)]
  0x000001e6f44a0560 JavaThread "Notification Thread" daemon [_thread_blocked, id=18404, stack(0x0000007474100000,0x0000007474200000)]
  0x000001e6f471eec0 JavaThread "RMI TCP Accept-0" daemon [_thread_in_native, id=18016, stack(0x0000007474400000,0x0000007474500000)]
  0x000001e6f4a159a0 JavaThread "RMI TCP Connection(1)-192.168.1.35" daemon [_thread_in_Java, id=3456, stack(0x0000007474500000,0x0000007474600000)]
  0x000001e6f50aad90 JavaThread "RMI Scheduler(0)" daemon [_thread_blocked, id=23512, stack(0x0000007474600000,0x0000007474700000)]
  0x000001e6f51a1a50 JavaThread "JMX server connection timeout 29" daemon [_thread_blocked, id=8500, stack(0x0000007474700000,0x0000007474800000)]
  0x000001e6f5189dc0 JavaThread "InvokeLaterDispatcher" daemon [_thread_blocked, id=23092, stack(0x0000007474c00000,0x0000007474d00000)]
  0x000001e6f51893a0 JavaThread "Thread-2" daemon [_thread_in_native, id=7532, stack(0x0000007476000000,0x0000007476100000)]
  0x000001e6f518acf0 JavaThread "Prism Font Disposer" daemon [_thread_blocked, id=7388, stack(0x0000007476700000,0x0000007476800000)]
  0x000001e6f518a7e0 JavaThread "Cleaner-0" daemon [_thread_blocked, id=11444, stack(0x0000007476ba0000,0x0000007476ca0000)]
  0x000001e6f5188470 JavaThread "Hibernate Connection Pool Validation Thread" daemon [_thread_blocked, id=10496, stack(0x00000074774b0000,0x00000074775b0000)]
  0x000001e6c24e25b0 JavaThread "C2 CompilerThread1" daemon [_thread_in_native, id=22508, stack(0x0000007472900000,0x0000007472a00000)]
  0x000001e6c24e1b10 JavaThread "C2 CompilerThread2" daemon [_thread_in_native, id=20032, stack(0x0000007472a00000,0x0000007472b00000)]
  0x000001e6c2b34060 JavaThread "DestroyJavaVM" [_thread_blocked, id=8296, stack(0x0000007472c00000,0x0000007472d00000)]

Other Threads:
  0x000001e6efb3fb30 VMThread "VM Thread" [stack: 0x0000007473200000,0x0000007473300000] [id=3836]
  0x000001e6f433f9c0 WatcherThread [stack: 0x0000007474200000,0x0000007474300000] [id=4260]
  0x000001e6cc8f8d30 GCTaskThread "GC Thread#0" [stack: 0x0000007472d00000,0x0000007472e00000] [id=6156]
  0x000001e6f564d990 GCTaskThread "GC Thread#1" [stack: 0x0000007475700000,0x0000007475800000] [id=6920]
  0x000001e6f564e4d0 GCTaskThread "GC Thread#2" [stack: 0x0000007475800000,0x0000007475900000] [id=18444]
  0x000001e6f564df30 GCTaskThread "GC Thread#3" [stack: 0x0000007475900000,0x0000007475a00000] [id=14936]
  0x000001e6f564bd70 GCTaskThread "GC Thread#4" [stack: 0x0000007475a00000,0x0000007475b00000] [id=20712]
  0x000001e6f564b500 GCTaskThread "GC Thread#5" [stack: 0x0000007475b00000,0x0000007475c00000] [id=23084]
  0x000001e6f564cb80 GCTaskThread "GC Thread#6" [stack: 0x0000007475c00000,0x0000007475d00000] [id=20708]
  0x000001e6f564ce50 GCTaskThread "GC Thread#7" [stack: 0x0000007475d00000,0x0000007475e00000] [id=11852]
  0x000001e6f564e7a0 GCTaskThread "GC Thread#8" [stack: 0x0000007475e00000,0x0000007475f00000] [id=15336]
  0x000001e6f564c310 GCTaskThread "GC Thread#9" [stack: 0x0000007475f00000,0x0000007476000000] [id=18784]
  0x000001e6f564b7d0 GCTaskThread "GC Thread#10" [stack: 0x0000007476300000,0x0000007476400000] [id=17912]
  0x000001e6f564baa0 GCTaskThread "GC Thread#11" [stack: 0x0000007476400000,0x0000007476500000] [id=10016]
  0x000001e6f564d120 GCTaskThread "GC Thread#12" [stack: 0x0000007476500000,0x0000007476600000] [id=22040]
  0x000001e6cc9091c0 ConcurrentGCThread "G1 Main Marker" [stack: 0x0000007472e00000,0x0000007472f00000] [id=21860]
  0x000001e6cc90cbc0 ConcurrentGCThread "G1 Conc#0" [stack: 0x0000007472f00000,0x0000007473000000] [id=4592]
  0x000001e6ffefcc40 ConcurrentGCThread "G1 Conc#1" [stack: 0x0000007476100000,0x0000007476200000] [id=14284]
  0x000001e6ffefc6a0 ConcurrentGCThread "G1 Conc#2" [stack: 0x0000007476cb0000,0x0000007476db0000] [id=2608]
  0x000001e6ef9f46b0 ConcurrentGCThread "G1 Refine#0" [stack: 0x0000007473000000,0x0000007473100000] [id=4032]
  0x000001e6f5f0ba50 ConcurrentGCThread "G1 Refine#1" [stack: 0x0000007476600000,0x0000007476700000] [id=21496]
  0x000001e6ef9f4da0 ConcurrentGCThread "G1 Service" [stack: 0x0000007473100000,0x0000007473200000] [id=18176]

Threads with active compile tasks:
C2 CompilerThread0  81078 12562       4       com.sun.javafx.geom.AreaOp::pruneEdges (981 bytes)
C2 CompilerThread1  81078 12581   !   4       com.sun.javafx.sg.prism.NGNode::accumulateGroupDirtyRegion (652 bytes)
C2 CompilerThread2  81078 12582       4       com.sun.javafx.geom.transform.AffineBase::rotate (149 bytes)

VM state: not at safepoint (normal execution)

VM Mutex/Monitor currently owned by a thread: None

Heap address: 0x000000070a400000, size: 3932 MB, Compressed Oops mode: Zero based, Oop shift amount: 3

CDS archive(s) mapped at: [0x000001e680000000-0x000001e680bb0000-0x000001e680bb0000), size 12255232, SharedBaseAddress: 0x000001e680000000, ArchiveRelocationMode: 1.
Compressed class space mapped at: 0x000001e681000000-0x000001e6c1000000, reserved size: 1073741824
Narrow klass base: 0x000001e680000000, Narrow klass shift: 0, Narrow klass range: 0x100000000

GC Precious Log:
 CPUs: 16 total, 16 available
 Memory: 15724M
 Large Page Support: Disabled
 NUMA Support: Disabled
 Compressed Oops: Enabled (Zero based)
 Heap Region Size: 2M
 Heap Min Capacity: 8M
 Heap Initial Capacity: 246M
 Heap Max Capacity: 3932M
 Pre-touch: Disabled
 Parallel Workers: 13
 Concurrent Workers: 3
 Concurrent Refinement Workers: 13
 Periodic GC: Disabled

Heap:
 garbage-first heap   total 90112K, used 39712K [0x000000070a400000, 0x0000000800000000)
  region size 2048K, 4 young (8192K), 1 survivors (2048K)
 Metaspace       used 64499K, committed 64960K, reserved 1114112K
  class space    used 9196K, committed 9408K, reserved 1048576K

Heap Regions: E=young(eden), S=young(survivor), O=old, HS=humongous(starts), HC=humongous(continues), CS=collection set, F=free, OA=open archive, CA=closed archive, TAMS=top-at-mark-start (previous, next)
|   0|0x000000070a400000, 0x000000070a600000, 0x000000070a600000|100%| O|  |TAMS 0x000000070a600000, 0x000000070a400000| Untracked 
|   1|0x000000070a600000, 0x000000070a800000, 0x000000070a800000|100%| O|  |TAMS 0x000000070a800000, 0x000000070a600000| Untracked 
|   2|0x000000070a800000, 0x000000070aa00000, 0x000000070aa00000|100%| O|  |TAMS 0x000000070aa00000, 0x000000070a800000| Untracked 
|   3|0x000000070aa00000, 0x000000070ac00000, 0x000000070ac00000|100%| O|  |TAMS 0x000000070ac00000, 0x000000070aa00000| Untracked 
|   4|0x000000070ac00000, 0x000000070ae00000, 0x000000070ae00000|100%| O|  |TAMS 0x000000070ae00000, 0x000000070ac00000| Untracked 
|   5|0x000000070ae00000, 0x000000070b000000, 0x000000070b000000|100%| O|  |TAMS 0x000000070b000000, 0x000000070ae00000| Untracked 
|   6|0x000000070b000000, 0x000000070b200000, 0x000000070b200000|100%| O|  |TAMS 0x000000070b200000, 0x000000070b000000| Untracked 
|   7|0x000000070b200000, 0x000000070b400000, 0x000000070b400000|100%| O|  |TAMS 0x000000070b400000, 0x000000070b200000| Untracked 
|   8|0x000000070b400000, 0x000000070b600000, 0x000000070b600000|100%| O|  |TAMS 0x000000070b600000, 0x000000070b400000| Untracked 
|   9|0x000000070b600000, 0x000000070b800000, 0x000000070b800000|100%| O|  |TAMS 0x000000070b800000, 0x000000070b600000| Untracked 
|  10|0x000000070b800000, 0x000000070ba00000, 0x000000070ba00000|100%|HS|  |TAMS 0x000000070ba00000, 0x000000070b800000| Complete 
|  11|0x000000070ba00000, 0x000000070bc00000, 0x000000070bc00000|100%| O|  |TAMS 0x000000070bc00000, 0x000000070ba00000| Untracked 
|  12|0x000000070bc00000, 0x000000070be00000, 0x000000070be00000|100%| O|  |TAMS 0x000000070be00000, 0x000000070bc00000| Untracked 
|  13|0x000000070be00000, 0x000000070c000000, 0x000000070c000000|100%| O|  |TAMS 0x000000070c000000, 0x000000070be00000| Untracked 
|  14|0x000000070c000000, 0x000000070c000000, 0x000000070c200000|  0%| F|  |TAMS 0x000000070c000000, 0x000000070c000000| Untracked 
|  15|0x000000070c200000, 0x000000070c400000, 0x000000070c400000|100%| O|  |TAMS 0x000000070c22bc00, 0x000000070c200000| Untracked 
|  16|0x000000070c400000, 0x000000070c600000, 0x000000070c600000|100%| O|  |TAMS 0x000000070c400000, 0x000000070c400000| Untracked 
|  17|0x000000070c600000, 0x000000070c65b000, 0x000000070c800000| 17%| O|  |TAMS 0x000000070c600000, 0x000000070c600000| Untracked 
|  18|0x000000070c800000, 0x000000070c800000, 0x000000070ca00000|  0%| F|  |TAMS 0x000000070c800000, 0x000000070c800000| Untracked 
|  19|0x000000070ca00000, 0x000000070ca00000, 0x000000070cc00000|  0%| F|  |TAMS 0x000000070ca00000, 0x000000070ca00000| Untracked 
|  20|0x000000070cc00000, 0x000000070ce00000, 0x000000070ce00000|100%| O|  |TAMS 0x000000070ce00000, 0x000000070cc00000| Untracked 
|  21|0x000000070ce00000, 0x000000070ce00000, 0x000000070d000000|  0%| F|  |TAMS 0x000000070ce00000, 0x000000070ce00000| Untracked 
|  22|0x000000070d000000, 0x000000070d000000, 0x000000070d200000|  0%| F|  |TAMS 0x000000070d000000, 0x000000070d000000| Untracked 
|  23|0x000000070d200000, 0x000000070d200000, 0x000000070d400000|  0%| F|  |TAMS 0x000000070d200000, 0x000000070d200000| Untracked 
|  24|0x000000070d400000, 0x000000070d400000, 0x000000070d600000|  0%| F|  |TAMS 0x000000070d400000, 0x000000070d400000| Untracked 
|  25|0x000000070d600000, 0x000000070d600000, 0x000000070d800000|  0%| F|  |TAMS 0x000000070d600000, 0x000000070d600000| Untracked 
|  26|0x000000070d800000, 0x000000070d86d2c0, 0x000000070da00000| 21%| S|CS|TAMS 0x000000070d800000, 0x000000070d800000| Complete 
|  27|0x000000070da00000, 0x000000070da00000, 0x000000070dc00000|  0%| F|  |TAMS 0x000000070da00000, 0x000000070da00000| Untracked 
|  28|0x000000070dc00000, 0x000000070dc00000, 0x000000070de00000|  0%| F|  |TAMS 0x000000070dc00000, 0x000000070dc00000| Untracked 
|  29|0x000000070de00000, 0x000000070de00000, 0x000000070e000000|  0%| F|  |TAMS 0x000000070de00000, 0x000000070de00000| Untracked 
|  30|0x000000070e000000, 0x000000070e000000, 0x000000070e200000|  0%| F|  |TAMS 0x000000070e000000, 0x000000070e000000| Untracked 
|  31|0x000000070e200000, 0x000000070e200000, 0x000000070e400000|  0%| F|  |TAMS 0x000000070e200000, 0x000000070e200000| Untracked 
|  32|0x000000070e400000, 0x000000070e400000, 0x000000070e600000|  0%| F|  |TAMS 0x000000070e400000, 0x000000070e400000| Untracked 
|  33|0x000000070e600000, 0x000000070e600000, 0x000000070e800000|  0%| F|  |TAMS 0x000000070e600000, 0x000000070e600000| Untracked 
|  34|0x000000070e800000, 0x000000070e800000, 0x000000070ea00000|  0%| F|  |TAMS 0x000000070e800000, 0x000000070e800000| Untracked 
|  35|0x000000070ea00000, 0x000000070ea00000, 0x000000070ec00000|  0%| F|  |TAMS 0x000000070ea00000, 0x000000070ea00000| Untracked 
|  36|0x000000070ec00000, 0x000000070ec00000, 0x000000070ee00000|  0%| F|  |TAMS 0x000000070ec00000, 0x000000070ec00000| Untracked 
|  37|0x000000070ee00000, 0x000000070ee00000, 0x000000070f000000|  0%| F|  |TAMS 0x000000070ee00000, 0x000000070ee00000| Untracked 
|  38|0x000000070f000000, 0x000000070f000000, 0x000000070f200000|  0%| F|  |TAMS 0x000000070f000000, 0x000000070f000000| Untracked 
|  39|0x000000070f200000, 0x000000070f200000, 0x000000070f400000|  0%| F|  |TAMS 0x000000070f200000, 0x000000070f200000| Untracked 
| 104|0x0000000717400000, 0x0000000717400000, 0x0000000717600000|  0%| F|  |TAMS 0x0000000717400000, 0x0000000717400000| Untracked 
| 105|0x0000000717600000, 0x00000007177a3910, 0x0000000717800000| 81%| E|  |TAMS 0x0000000717600000, 0x0000000717600000| Complete 
| 106|0x0000000717800000, 0x0000000717a00000, 0x0000000717a00000|100%| E|CS|TAMS 0x0000000717800000, 0x0000000717800000| Complete 
| 122|0x0000000719800000, 0x0000000719a00000, 0x0000000719a00000|100%| E|CS|TAMS 0x0000000719800000, 0x0000000719800000| Complete 

Card table byte_map: [0x000001e6e4460000,0x000001e6e4c10000] _byte_map_base: 0x000001e6e0c0e000

Marking Bits (Prev, Next): (CMBitMap*) 0x000001e6cc8f9170, (CMBitMap*) 0x000001e6cc8f91b0
 Prev Bits: [0x000001e6e53c0000, 0x000001e6e9130000)
 Next Bits: [0x000001e6e9130000, 0x000001e6ecea0000)

Polling page: 0x000001e6ca670000

Metaspace:

Usage:
  Non-class:     54.01 MB used.
      Class:      8.98 MB used.
       Both:     62.99 MB used.

Virtual space:
  Non-class space:       64.00 MB reserved,      54.25 MB ( 85%) committed,  1 nodes.
      Class space:        1.00 GB reserved,       9.19 MB ( <1%) committed,  1 nodes.
             Both:        1.06 GB reserved,      63.44 MB (  6%) committed. 

Chunk freelists:
   Non-Class:  9.14 MB
       Class:  6.83 MB
        Both:  15.97 MB

MaxMetaspaceSize: unlimited
CompressedClassSpaceSize: 1.00 GB
Initial GC threshold: 21.00 MB
Current GC threshold: 105.56 MB
CDS: on
MetaspaceReclaimPolicy: balanced
 - commit_granule_bytes: 65536.
 - commit_granule_words: 8192.
 - virtual_space_node_default_size: 8388608.
 - enlarge_chunks_in_place: 1.
 - new_chunks_are_fully_committed: 0.
 - uncommit_free_chunks: 1.
 - use_allocation_guard: 0.
 - handle_deallocations: 1.


Internal statistics:

num_allocs_failed_limit: 9.
num_arena_births: 562.
num_arena_deaths: 2.
num_vsnodes_births: 2.
num_vsnodes_deaths: 0.
num_space_committed: 1015.
num_space_uncommitted: 0.
num_chunks_returned_to_freelist: 11.
num_chunks_taken_from_freelist: 2736.
num_chunk_merges: 9.
num_chunk_splits: 1966.
num_chunks_enlarged: 1582.
num_inconsistent_stats: 0.

CodeHeap 'non-profiled nmethods': size=119168Kb used=8604Kb max_used=8604Kb free=110563Kb
 bounds [0x000001e6dbfc0000, 0x000001e6dc830000, 0x000001e6e3420000]
CodeHeap 'profiled nmethods': size=119104Kb used=19403Kb max_used=20950Kb free=99700Kb
 bounds [0x000001e6d4420000, 0x000001e6d58a0000, 0x000001e6db870000]
CodeHeap 'non-nmethods': size=7488Kb used=1658Kb max_used=3393Kb free=5830Kb
 bounds [0x000001e6db870000, 0x000001e6dbbd0000, 0x000001e6dbfc0000]
 total_blobs=11561 nmethods=10501 adapters=971
 compilation: enabled
              stopped_count=0, restarted_count=0
 full_count=0

Compilation events (20 events):
Event: 80.091 Thread 0x000001e6f4037210 12588       3       javafx.scene.layout.Region$ShapeProperty::run (18 bytes)
Event: 80.091 Thread 0x000001e6f4037210 nmethod 12588 0x000001e6d4589610 code [0x000001e6d4589800, 0x000001e6d4589bd8]
Event: 80.139 Thread 0x000001e6f4037210 12589       3       javafx.beans.binding.StringBinding::invalidate (24 bytes)
Event: 80.139 Thread 0x000001e6f4037210 nmethod 12589 0x000001e6d4fa0b10 code [0x000001e6d4fa0cc0, 0x000001e6d4fa1048]
Event: 80.139 Thread 0x000001e6f4037210 12590       3       javafx.scene.layout.Region::scaleShapeProperty (25 bytes)
Event: 80.140 Thread 0x000001e6f4037210 nmethod 12590 0x000001e6d4fff990 code [0x000001e6d4fffb60, 0x000001e6d4ffff28]
Event: 80.268 Thread 0x000001e6f4037210 12593       3       com.sun.scenario.animation.shared.TimelineClipCore::playTo (353 bytes)
Event: 80.269 Thread 0x000001e6f4037210 nmethod 12593 0x000001e6d4ab8d90 code [0x000001e6d4ab9060, 0x000001e6d4aba1f8]
Event: 80.269 Thread 0x000001e6f4037210 12595       3       javafx.scene.shape.Arc::getLength (8 bytes)
Event: 80.269 Thread 0x000001e6f4037210 nmethod 12595 0x000001e6d499db90 code [0x000001e6d499dd60, 0x000001e6d499e0a8]
Event: 80.269 Thread 0x000001e6f4037210 12596       3       javafx.scene.shape.Arc::getTypeInternal (17 bytes)
Event: 80.269 Thread 0x000001e6f4037210 nmethod 12596 0x000001e6d4b35b90 code [0x000001e6d4b35d60, 0x000001e6d4b36288]
Event: 80.269 Thread 0x000001e6f4037210 12597       3       javafx.scene.shape.Arc::getType (24 bytes)
Event: 80.269 Thread 0x000001e6f4037210 nmethod 12597 0x000001e6d468d210 code [0x000001e6d468d3e0, 0x000001e6d468d888]
Event: 80.269 Thread 0x000001e6f4037210 12598       3       com.sun.javafx.geom.AreaOp::<init> (5 bytes)
Event: 80.269 Thread 0x000001e6f4037210 nmethod 12598 0x000001e6d55f0410 code [0x000001e6d55f05c0, 0x000001e6d55f0718]
Event: 80.269 Thread 0x000001e6f4037210 12599       3       com.sun.javafx.geom.AreaOp::calculate (28 bytes)
Event: 80.269 Thread 0x000001e6f4037210 nmethod 12599 0x000001e6d50c4910 code [0x000001e6d50c4b00, 0x000001e6d50c4e38]
Event: 80.365 Thread 0x000001e6f4037210 12603       2       com.sun.util.reentrant.ReentrantContextProviderTL::acquire (71 bytes)
Event: 80.366 Thread 0x000001e6f4037210 nmethod 12603 0x000001e6d49ef390 code [0x000001e6d49ef600, 0x000001e6d49efbb8]

GC Heap History (20 events):
Event: 48.110 GC heap before
{Heap before GC invocations=19 (full 0):
 garbage-first heap   total 86016K, used 65166K [0x000000070a400000, 0x0000000800000000)
  region size 2048K, 11 young (22528K), 2 survivors (4096K)
 Metaspace       used 64120K, committed 64576K, reserved 1114112K
  class space    used 9184K, committed 9408K, reserved 1048576K
}
Event: 48.113 GC heap after
{Heap after GC invocations=20 (full 0):
 garbage-first heap   total 86016K, used 47109K [0x000000070a400000, 0x0000000800000000)
  region size 2048K, 2 young (4096K), 2 survivors (4096K)
 Metaspace       used 64120K, committed 64576K, reserved 1114112K
  class space    used 9184K, committed 9408K, reserved 1048576K
}
Event: 48.460 GC heap before
{Heap before GC invocations=21 (full 0):
 garbage-first heap   total 90112K, used 63493K [0x000000070a400000, 0x0000000800000000)
  region size 2048K, 10 young (20480K), 2 survivors (4096K)
 Metaspace       used 64213K, committed 64704K, reserved 1114112K
  class space    used 9185K, committed 9408K, reserved 1048576K
}
Event: 48.462 GC heap after
{Heap after GC invocations=22 (full 0):
 garbage-first heap   total 90112K, used 46889K [0x000000070a400000, 0x0000000800000000)
  region size 2048K, 2 young (4096K), 2 survivors (4096K)
 Metaspace       used 64213K, committed 64704K, reserved 1114112K
  class space    used 9185K, committed 9408K, reserved 1048576K
}
Event: 48.466 GC heap before
{Heap before GC invocations=22 (full 0):
 garbage-first heap   total 90112K, used 48937K [0x000000070a400000, 0x0000000800000000)
  region size 2048K, 3 young (6144K), 2 survivors (4096K)
 Metaspace       used 64213K, committed 64704K, reserved 1114112K
  class space    used 9185K, committed 9408K, reserved 1048576K
}
Event: 48.468 GC heap after
{Heap after GC invocations=23 (full 0):
 garbage-first heap   total 90112K, used 38220K [0x000000070a400000, 0x0000000800000000)
  region size 2048K, 1 young (2048K), 1 survivors (2048K)
 Metaspace       used 64213K, committed 64704K, reserved 1114112K
  class space    used 9185K, committed 9408K, reserved 1048576K
}
Event: 48.473 GC heap before
{Heap before GC invocations=23 (full 0):
 garbage-first heap   total 90112K, used 40268K [0x000000070a400000, 0x0000000800000000)
  region size 2048K, 2 young (4096K), 1 survivors (2048K)
 Metaspace       used 64213K, committed 64704K, reserved 1114112K
  class space    used 9185K, committed 9408K, reserved 1048576K
}
Event: 48.474 GC heap after
{Heap after GC invocations=24 (full 0):
 garbage-first heap   total 90112K, used 37381K [0x000000070a400000, 0x0000000800000000)
  region size 2048K, 1 young (2048K), 1 survivors (2048K)
 Metaspace       used 64213K, committed 64704K, reserved 1114112K
  class space    used 9185K, committed 9408K, reserved 1048576K
}
Event: 51.005 GC heap before
{Heap before GC invocations=24 (full 0):
 garbage-first heap   total 90112K, used 66053K [0x000000070a400000, 0x0000000800000000)
  region size 2048K, 15 young (30720K), 1 survivors (2048K)
 Metaspace       used 64302K, committed 64768K, reserved 1114112K
  class space    used 9186K, committed 9408K, reserved 1048576K
}
Event: 51.007 GC heap after
{Heap after GC invocations=25 (full 0):
 garbage-first heap   total 90112K, used 40764K [0x000000070a400000, 0x0000000800000000)
  region size 2048K, 2 young (4096K), 2 survivors (4096K)
 Metaspace       used 64302K, committed 64768K, reserved 1114112K
  class space    used 9186K, committed 9408K, reserved 1048576K
}
Event: 57.901 GC heap before
{Heap before GC invocations=25 (full 0):
 garbage-first heap   total 90112K, used 67388K [0x000000070a400000, 0x0000000800000000)
  region size 2048K, 15 young (30720K), 2 survivors (4096K)
 Metaspace       used 64387K, committed 64832K, reserved 1114112K
  class space    used 9191K, committed 9408K, reserved 1048576K
}
Event: 57.904 GC heap after
{Heap after GC invocations=26 (full 0):
 garbage-first heap   total 90112K, used 41859K [0x000000070a400000, 0x0000000800000000)
  region size 2048K, 2 young (4096K), 2 survivors (4096K)
 Metaspace       used 64387K, committed 64832K, reserved 1114112K
  class space    used 9191K, committed 9408K, reserved 1048576K
}
Event: 64.672 GC heap before
{Heap before GC invocations=26 (full 0):
 garbage-first heap   total 90112K, used 66435K [0x000000070a400000, 0x0000000800000000)
  region size 2048K, 14 young (28672K), 2 survivors (4096K)
 Metaspace       used 64415K, committed 64832K, reserved 1114112K
  class space    used 9191K, committed 9408K, reserved 1048576K
}
Event: 64.674 GC heap after
{Heap after GC invocations=27 (full 0):
 garbage-first heap   total 90112K, used 42386K [0x000000070a400000, 0x0000000800000000)
  region size 2048K, 1 young (2048K), 1 survivors (2048K)
 Metaspace       used 64415K, committed 64832K, reserved 1114112K
  class space    used 9191K, committed 9408K, reserved 1048576K
}
Event: 68.748 GC heap before
{Heap before GC invocations=28 (full 0):
 garbage-first heap   total 90112K, used 66962K [0x000000070a400000, 0x0000000800000000)
  region size 2048K, 14 young (28672K), 1 survivors (2048K)
 Metaspace       used 64434K, committed 64896K, reserved 1114112K
  class space    used 9191K, committed 9408K, reserved 1048576K
}
Event: 68.749 GC heap after
{Heap after GC invocations=29 (full 0):
 garbage-first heap   total 90112K, used 40038K [0x000000070a400000, 0x0000000800000000)
  region size 2048K, 1 young (2048K), 1 survivors (2048K)
 Metaspace       used 64434K, committed 64896K, reserved 1114112K
  class space    used 9191K, committed 9408K, reserved 1048576K
}
Event: 68.833 GC heap before
{Heap before GC invocations=29 (full 0):
 garbage-first heap   total 90112K, used 42086K [0x000000070a400000, 0x0000000800000000)
  region size 2048K, 2 young (4096K), 1 survivors (2048K)
 Metaspace       used 64434K, committed 64896K, reserved 1114112K
  class space    used 9191K, committed 9408K, reserved 1048576K
}
Event: 68.834 GC heap after
{Heap after GC invocations=30 (full 0):
 garbage-first heap   total 90112K, used 35265K [0x000000070a400000, 0x0000000800000000)
  region size 2048K, 1 young (2048K), 1 survivors (2048K)
 Metaspace       used 64434K, committed 64896K, reserved 1114112K
  class space    used 9191K, committed 9408K, reserved 1048576K
}
Event: 79.850 GC heap before
{Heap before GC invocations=30 (full 0):
 garbage-first heap   total 90112K, used 68033K [0x000000070a400000, 0x0000000800000000)
  region size 2048K, 17 young (34816K), 1 survivors (2048K)
 Metaspace       used 64462K, committed 64960K, reserved 1114112K
  class space    used 9191K, committed 9408K, reserved 1048576K
}
Event: 79.851 GC heap after
{Heap after GC invocations=31 (full 0):
 garbage-first heap   total 90112K, used 35616K [0x000000070a400000, 0x0000000800000000)
  region size 2048K, 1 young (2048K), 1 survivors (2048K)
 Metaspace       used 64462K, committed 64960K, reserved 1114112K
  class space    used 9191K, committed 9408K, reserved 1048576K
}

Dll operation events (20 events):
Event: 0.290 Loaded shared library C:\Users\truon\.openjfx\cache\21.0.3+2\amd64\api-ms-win-crt-locale-l1-1-0.dll
Event: 0.293 Loaded shared library C:\Users\truon\.openjfx\cache\21.0.3+2\amd64\api-ms-win-crt-math-l1-1-0.dll
Event: 0.295 Loaded shared library C:\Users\truon\.openjfx\cache\21.0.3+2\amd64\api-ms-win-crt-multibyte-l1-1-0.dll
Event: 0.297 Loaded shared library C:\Users\truon\.openjfx\cache\21.0.3+2\amd64\api-ms-win-crt-private-l1-1-0.dll
Event: 0.300 Loaded shared library C:\Users\truon\.openjfx\cache\21.0.3+2\amd64\api-ms-win-crt-process-l1-1-0.dll
Event: 0.302 Loaded shared library C:\Users\truon\.openjfx\cache\21.0.3+2\amd64\api-ms-win-crt-runtime-l1-1-0.dll
Event: 0.304 Loaded shared library C:\Users\truon\.openjfx\cache\21.0.3+2\amd64\api-ms-win-crt-stdio-l1-1-0.dll
Event: 0.307 Loaded shared library C:\Users\truon\.openjfx\cache\21.0.3+2\amd64\api-ms-win-crt-string-l1-1-0.dll
Event: 0.309 Loaded shared library C:\Users\truon\.openjfx\cache\21.0.3+2\amd64\api-ms-win-crt-time-l1-1-0.dll
Event: 0.311 Loaded shared library C:\Users\truon\.openjfx\cache\21.0.3+2\amd64\api-ms-win-crt-utility-l1-1-0.dll
Event: 0.323 Loaded shared library C:\Users\truon\.openjfx\cache\21.0.3+2\amd64\ucrtbase.dll
Event: 0.326 Loaded shared library C:\Users\truon\.openjfx\cache\21.0.3+2\amd64\vcruntime140.dll
Event: 0.328 Loaded shared library C:\Users\truon\.openjfx\cache\21.0.3+2\amd64\vcruntime140_1.dll
Event: 0.334 Loaded shared library C:\Users\truon\.openjfx\cache\21.0.3+2\amd64\msvcp140.dll
Event: 0.337 Loaded shared library C:\Users\truon\.openjfx\cache\21.0.3+2\amd64\msvcp140_1.dll
Event: 0.341 Loaded shared library C:\Users\truon\.openjfx\cache\21.0.3+2\amd64\msvcp140_2.dll
Event: 0.367 Loaded shared library C:\Users\truon\.openjfx\cache\21.0.3+2\amd64\prism_d3d.dll
Event: 0.445 Loaded shared library C:\Users\truon\.openjfx\cache\21.0.3+2\amd64\glass.dll
Event: 0.737 Loaded shared library C:\Users\truon\.openjfx\cache\21.0.3+2\amd64\javafx_font.dll
Event: 6.032 Loaded shared library C:\Users\truon\.jdks\ms-17.0.19\bin\verify.dll

Deoptimization events (20 events):
Event: 80.363 Thread 0x000001e6f51898b0 Uncommon trap: trap_request=0xffffff45 fr.pc=0x000001e6dc7571c4 relative=0x0000000000000e64
Event: 80.363 Thread 0x000001e6f51898b0 Uncommon trap: reason=unstable_if action=reinterpret pc=0x000001e6dc7571c4 method=javafx.scene.Node$2.invalidated()V @ 94 c2
Event: 80.363 Thread 0x000001e6f51898b0 DEOPT PACKING pc=0x000001e6dc7571c4 sp=0x0000007474dfe060
Event: 80.363 Thread 0x000001e6f51898b0 DEOPT UNPACKING pc=0x000001e6db8c69a3 sp=0x0000007474dfe030 mode 2
Event: 80.364 Thread 0x000001e6f51898b0 Uncommon trap: trap_request=0xffffff45 fr.pc=0x000001e6dc382658 relative=0x00000000000000b8
Event: 80.364 Thread 0x000001e6f51898b0 Uncommon trap: reason=unstable_if action=reinterpret pc=0x000001e6dc382658 method=javafx.scene.Node$StyleableProperties$11.isSettable(Ljavafx/scene/Node;)Z @ 14 c2
Event: 80.364 Thread 0x000001e6f51898b0 DEOPT PACKING pc=0x000001e6dc382658 sp=0x0000007474dfe100
Event: 80.364 Thread 0x000001e6f51898b0 DEOPT UNPACKING pc=0x000001e6db8c69a3 sp=0x0000007474dfe028 mode 2
Event: 80.364 Thread 0x000001e6f51898b0 Uncommon trap: trap_request=0xffffff45 fr.pc=0x000001e6dc366644 relative=0x0000000000000084
Event: 80.364 Thread 0x000001e6f51898b0 Uncommon trap: reason=unstable_if action=reinterpret pc=0x000001e6dc366644 method=java.lang.Math.min(DD)D @ 28 c2
Event: 80.364 Thread 0x000001e6f51898b0 DEOPT PACKING pc=0x000001e6dc366644 sp=0x0000007474dfdec0
Event: 80.364 Thread 0x000001e6f51898b0 DEOPT UNPACKING pc=0x000001e6db8c69a3 sp=0x0000007474dfde40 mode 2
Event: 80.365 Thread 0x000001e6f5188980 Uncommon trap: trap_request=0xffffff45 fr.pc=0x000001e6dc2d3318 relative=0x0000000000000c78
Event: 80.365 Thread 0x000001e6f5188980 Uncommon trap: reason=unstable_if action=reinterpret pc=0x000001e6dc2d3318 method=com.sun.javafx.geom.Order3.TforY(D)D @ 203 c2
Event: 80.365 Thread 0x000001e6f5188980 DEOPT PACKING pc=0x000001e6dc2d3318 sp=0x00000074748fca90
Event: 80.365 Thread 0x000001e6f5188980 DEOPT UNPACKING pc=0x000001e6db8c69a3 sp=0x00000074748fc9d8 mode 2
Event: 80.365 Thread 0x000001e6f5188980 Uncommon trap: trap_request=0xffffff45 fr.pc=0x000001e6dc23bc9c relative=0x000000000000033c
Event: 80.365 Thread 0x000001e6f5188980 Uncommon trap: reason=unstable_if action=reinterpret pc=0x000001e6dc23bc9c method=com.sun.javafx.geom.Order1.compareTo(Lcom/sun/javafx/geom/Curve;[D)I @ 109 c2
Event: 80.365 Thread 0x000001e6f5188980 DEOPT PACKING pc=0x000001e6dc23bc9c sp=0x00000074748fcc30
Event: 80.365 Thread 0x000001e6f5188980 DEOPT UNPACKING pc=0x000001e6db8c69a3 sp=0x00000074748fcb50 mode 2

Classes loaded (20 events):
Event: 30.402 Loading class java/util/spi/ResourceBundleProvider
Event: 30.402 Loading class java/util/spi/ResourceBundleProvider done
Event: 30.402 Loading class sun/util/resources/LocaleData$LocaleDataResourceBundleProvider done
Event: 30.402 Loading class sun/util/resources/LocaleData$CommonResourceBundleProvider done
Event: 30.402 Loading class sun/util/resources/Bundles$2
Event: 30.402 Loading class sun/util/resources/Bundles$2 done
Event: 30.403 Loading class java/util/Currency$1
Event: 30.404 Loading class java/util/Currency$1 done
Event: 30.404 Loading class java/util/Currency$SpecialCaseEntry
Event: 30.404 Loading class java/util/Currency$SpecialCaseEntry done
Event: 30.404 Loading class java/util/Currency$OtherCurrencyEntry
Event: 30.404 Loading class java/util/Currency$OtherCurrencyEntry done
Event: 30.404 Loading class java/util/Currency$CurrencyNameGetter
Event: 30.404 Loading class java/util/Currency$CurrencyNameGetter done
Event: 30.404 Loading class sun/util/locale/provider/CurrencyNameProviderImpl
Event: 30.404 Loading class sun/util/locale/provider/CurrencyNameProviderImpl done
Event: 30.407 Loading class sun/util/resources/cldr/CurrencyNames
Event: 30.407 Loading class sun/util/resources/cldr/CurrencyNames done
Event: 48.438 Loading class jdk/internal/access/foreign/MemorySegmentProxy
Event: 48.438 Loading class jdk/internal/access/foreign/MemorySegmentProxy done

Classes unloaded (1 events):
Event: 5.342 Thread 0x000001e6efb3fb30 Unloading class 0x000001e681010000 'java/lang/invoke/LambdaForm$MH+0x000001e681010000'

Classes redefined (0 events):
No events

Internal exceptions (20 events):
Event: 28.281 Thread 0x000001e6f5188980 Implicit null exception at 0x000001e6dc309aac to 0x000001e6dc309b28
Event: 30.410 Thread 0x000001e6f51898b0 Exception <a 'java/lang/NoSuchMethodError'{0x000000071799f6f8}: 'java.lang.Object java.lang.invoke.DirectMethodHandle$Holder.newInvokeSpecial(java.lang.Object, java.lang.Object, double)'> (0x000000071799f6f8) 
thrown [s\src\hotspot\share\interpreter\linkResolver.cpp, line 759]
Event: 30.410 Thread 0x000001e6f51898b0 Exception <a 'java/lang/NoSuchMethodError'{0x00000007179a4018}: 'java.lang.Object java.lang.invoke.DirectMethodHandle$Holder.invokeSpecial(java.lang.Object, java.lang.Object, java.lang.Object, double)'> (0x00000007179a4018) 
thrown [s\src\hotspot\share\interpreter\linkResolver.cpp, line 759]
Event: 33.792 Thread 0x000001e6f51898b0 Exception <a 'java/lang/NoSuchMethodError'{0x0000000717510998}: 'java.lang.Object java.lang.invoke.DirectMethodHandle$Holder.newInvokeSpecial(java.lang.Object, java.lang.Object, int, int, int, int, int, java.lang.Object)'> (0x0000000717510998) 
thrown [s\src\hotspot\share\interpreter\linkResolver.cpp, line 759]
Event: 33.792 Thread 0x000001e6f51898b0 Exception <a 'java/lang/NoSuchMethodError'{0x0000000717524120}: 'java.lang.Object java.lang.invoke.DirectMethodHandle$Holder.newInvokeSpecial(java.lang.Object, java.lang.Object, java.lang.Object, int, int, int, int, int)'> (0x0000000717524120) 
thrown [s\src\hotspot\share\interpreter\linkResolver.cpp, line 759]
Event: 33.793 Thread 0x000001e6f51898b0 Exception <a 'java/lang/NoSuchMethodError'{0x000000071754da88}: 'java.lang.Object java.lang.invoke.Invokers$Holder.linkToTargetMethod(java.lang.Object, java.lang.Object, int, int, int, int, int, java.lang.Object)'> (0x000000071754da88) 
thrown [s\src\hotspot\share\interpreter\linkResolver.cpp, line 759]
Event: 40.801 Thread 0x000001e6f51898b0 Exception <a 'java/lang/NoSuchMethodError'{0x000000070edd1a78}: 'java.lang.Object java.lang.invoke.Invokers$Holder.linkToTargetMethod(java.lang.Object, int, java.lang.Object, java.lang.Object, java.lang.Object, java.lang.Object)'> (0x000000070edd1a78) 
thrown [s\src\hotspot\share\interpreter\linkResolver.cpp, line 759]
Event: 40.801 Thread 0x000001e6f51898b0 Exception <a 'java/lang/NoSuchMethodError'{0x000000070eddebe0}: 'int java.lang.invoke.DirectMethodHandle$Holder.invokeStatic(java.lang.Object, java.lang.Object, int, java.lang.Object)'> (0x000000070eddebe0) 
thrown [s\src\hotspot\share\interpreter\linkResolver.cpp, line 759]
Event: 40.804 Thread 0x000001e6f51898b0 Exception <a 'java/lang/NoSuchMethodError'{0x000000070ea16628}: 'java.lang.Object java.lang.invoke.DirectMethodHandle$Holder.invokeStatic(java.lang.Object, int, java.lang.Object)'> (0x000000070ea16628) 
thrown [s\src\hotspot\share\interpreter\linkResolver.cpp, line 759]
Event: 40.819 Thread 0x000001e6f51898b0 Exception <a 'java/lang/NoSuchMethodError'{0x000000070eb0f0c0}: 'void java.lang.invoke.DirectMethodHandle$Holder.invokeSpecial(java.lang.Object, java.lang.Object, int, java.lang.Object, java.lang.Object, java.lang.Object, java.lang.Object)'> (0x000000070eb0f0c0) 
thrown [s\src\hotspot\share\interpreter\linkResolver.cpp, line 759]
Event: 40.819 Thread 0x000001e6f51898b0 Exception <a 'java/lang/NoSuchMethodError'{0x000000070eb1acd8}: 'int java.lang.invoke.DirectMethodHandle$Holder.invokeStatic(java.lang.Object, java.lang.Object, int, int)'> (0x000000070eb1acd8) 
thrown [s\src\hotspot\share\interpreter\linkResolver.cpp, line 759]
Event: 40.822 Thread 0x000001e6f51898b0 Exception <a 'java/lang/IncompatibleClassChangeError'{0x000000070eb470c8}: Found class java.lang.Object, but interface was expected> (0x000000070eb470c8) 
thrown [s\src\hotspot\share\interpreter\linkResolver.cpp, line 826]
Event: 41.766 Thread 0x000001e6f5188980 Implicit null exception at 0x000001e6dc504550 to 0x000001e6dc50462c
Event: 49.396 Thread 0x000001e6f51898b0 Implicit null exception at 0x000001e6dc54b81b to 0x000001e6dc54b94c
Event: 49.397 Thread 0x000001e6f51898b0 Implicit null exception at 0x000001e6dc58e57c to 0x000001e6dc58ed68
Event: 49.404 Thread 0x000001e6f51898b0 Implicit null exception at 0x000001e6dc58e57c to 0x000001e6dc58ed68
Event: 49.517 Thread 0x000001e6f51898b0 Implicit null exception at 0x000001e6dc58e57c to 0x000001e6dc58ed68
Event: 49.526 Thread 0x000001e6f51898b0 Implicit null exception at 0x000001e6dc58e57c to 0x000001e6dc58ed68
Event: 51.004 Thread 0x000001e6f51898b0 Exception <a 'java/lang/NoSuchMethodError'{0x000000070df71520}: 'int java.lang.invoke.DirectMethodHandle$Holder.invokeSpecial(java.lang.Object, java.lang.Object, java.lang.Object, java.lang.Object, java.lang.Object, java.lang.Object)'> (0x000000070df71520) 
thrown [s\src\hotspot\share\interpreter\linkResolver.cpp, line 759]
Event: 56.685 Thread 0x000001e6f51898b0 Exception <a 'java/lang/NoSuchMethodError'{0x000000070e7b3a20}: 'java.lang.Object java.lang.invoke.DirectMethodHandle$Holder.newInvokeSpecial(java.lang.Object, java.lang.Object, java.lang.Object, double, double, double, double, int, int, int, int, int, int, int, int, int)'> (0x000000070e7b3a20) 
thrown [s\src\hotspot\share\interpreter\linkResolver.cpp, line 759]

VM Operations (20 events):
Event: 67.692 Executing VM operation: Cleanup done
Event: 68.693 Executing VM operation: Cleanup
Event: 68.693 Executing VM operation: Cleanup done
Event: 68.748 Executing VM operation: G1CollectForAllocation
Event: 68.749 Executing VM operation: G1CollectForAllocation done
Event: 68.833 Executing VM operation: G1CollectForAllocation
Event: 68.834 Executing VM operation: G1CollectForAllocation done
Event: 69.835 Executing VM operation: Cleanup
Event: 69.835 Executing VM operation: Cleanup done
Event: 70.836 Executing VM operation: Cleanup
Event: 70.836 Executing VM operation: Cleanup done
Event: 75.837 Executing VM operation: Cleanup
Event: 75.837 Executing VM operation: Cleanup done
Event: 78.838 Executing VM operation: Cleanup
Event: 78.838 Executing VM operation: Cleanup done
Event: 79.838 Executing VM operation: Cleanup
Event: 79.838 Executing VM operation: Cleanup done
Event: 79.850 Executing VM operation: G1CollectForAllocation
Event: 79.851 Executing VM operation: G1CollectForAllocation done
Event: 80.852 Executing VM operation: Cleanup

Memory protections (0 events):
No events

Nmethod flushes (20 events):
Event: 55.134 Thread 0x000001e6f4038b30 flushing  nmethod 0x000001e6d55fa990
Event: 55.134 Thread 0x000001e6f4038b30 flushing  nmethod 0x000001e6d55fe290
Event: 55.134 Thread 0x000001e6f4038b30 flushing  nmethod 0x000001e6d55ffe10
Event: 55.134 Thread 0x000001e6f4038b30 flushing  nmethod 0x000001e6d5606610
Event: 55.134 Thread 0x000001e6f4038b30 flushing  nmethod 0x000001e6d560c390
Event: 55.134 Thread 0x000001e6f4038b30 flushing  nmethod 0x000001e6d5616390
Event: 55.134 Thread 0x000001e6f4038b30 flushing  nmethod 0x000001e6d5620c90
Event: 55.134 Thread 0x000001e6f4038b30 flushing  nmethod 0x000001e6d5622390
Event: 55.134 Thread 0x000001e6f4038b30 flushing  nmethod 0x000001e6d5627090
Event: 55.134 Thread 0x000001e6f4038b30 flushing  nmethod 0x000001e6d5628610
Event: 55.134 Thread 0x000001e6f4038b30 flushing  nmethod 0x000001e6d5663b90
Event: 55.134 Thread 0x000001e6f4038b30 flushing  nmethod 0x000001e6d5666090
Event: 55.134 Thread 0x000001e6f4038b30 flushing  nmethod 0x000001e6d566a290
Event: 55.134 Thread 0x000001e6f4038b30 flushing  nmethod 0x000001e6d566cf10
Event: 55.134 Thread 0x000001e6f4038b30 flushing  nmethod 0x000001e6d566d490
Event: 55.134 Thread 0x000001e6f4038b30 flushing  nmethod 0x000001e6d56fc010
Event: 55.134 Thread 0x000001e6f4038b30 flushing  nmethod 0x000001e6d56fc490
Event: 55.134 Thread 0x000001e6f4038b30 flushing  nmethod 0x000001e6d56fcc10
Event: 55.134 Thread 0x000001e6f4038b30 flushing  nmethod 0x000001e6d56fd410
Event: 55.134 Thread 0x000001e6f4038b30 flushing  nmethod 0x000001e6d5778990

Events (20 events):
Event: 48.947 Thread 0x000001e6c2b33640 Thread exited: 0x000001e6c2b33640
Event: 49.340 Thread 0x000001e6c24e1b10 Thread exited: 0x000001e6c24e1b10
Event: 49.340 Thread 0x000001e6c24e4590 Thread exited: 0x000001e6c24e4590
Event: 49.595 Thread 0x000001e6c24e05d0 Thread exited: 0x000001e6c24e05d0
Event: 49.787 Thread 0x000001e6c24e3af0 Thread exited: 0x000001e6c24e3af0
Event: 49.931 Thread 0x000001e6c24e2b00 Thread exited: 0x000001e6c24e2b00
Event: 49.931 Thread 0x000001e6c24e25b0 Thread exited: 0x000001e6c24e25b0
Event: 51.027 Thread 0x000001e6f4037210 Thread added: 0x000001e6c24e2b00
Event: 51.029 Thread 0x000001e6f4037210 Thread added: 0x000001e6c24e3af0
Event: 51.029 Thread 0x000001e6f4037210 Thread added: 0x000001e6c24e05d0
Event: 51.404 Thread 0x000001e6c24e2b00 Thread exited: 0x000001e6c24e2b00
Event: 52.619 Thread 0x000001e6c24e3af0 Thread exited: 0x000001e6c24e3af0
Event: 52.620 Thread 0x000001e6c24e05d0 Thread exited: 0x000001e6c24e05d0
Event: 55.171 Thread 0x000001e6f4037210 Thread added: 0x000001e6c24e3af0
Event: 55.171 Thread 0x000001e6f4037210 Thread added: 0x000001e6c24e05d0
Event: 55.323 Thread 0x000001e6c24e05d0 Thread exited: 0x000001e6c24e05d0
Event: 55.323 Thread 0x000001e6c24e3af0 Thread exited: 0x000001e6c24e3af0
Event: 79.848 Thread 0x000001e6f51898b0 Thread added: 0x000001e6c2b34060
Event: 79.852 Thread 0x000001e6c2b34060 Thread exited: 0x000001e6c2b34060
Event: 79.887 Thread 0x000001e6f4037210 Thread added: 0x000001e6c24e25b0


Dynamic libraries:
0x00007ff7e7340000 - 0x00007ff7e734e000 	C:\Users\truon\.jdks\ms-17.0.19\bin\java.exe
0x00007ff9665e0000 - 0x00007ff966847000 	C:\WINDOWS\SYSTEM32\ntdll.dll
0x00007ff9653b0000 - 0x00007ff965479000 	C:\WINDOWS\System32\KERNEL32.DLL
0x00007ff963b50000 - 0x00007ff963f44000 	C:\WINDOWS\System32\KERNELBASE.dll
0x00007ff963910000 - 0x00007ff963a5b000 	C:\WINDOWS\System32\ucrtbase.dll
0x00007ff95b410000 - 0x00007ff95b42e000 	C:\Users\truon\.jdks\ms-17.0.19\bin\VCRUNTIME140.dll
0x00007ff95fee0000 - 0x00007ff95fef8000 	C:\Users\truon\.jdks\ms-17.0.19\bin\jli.dll
0x00007ff9651e0000 - 0x00007ff9653a5000 	C:\WINDOWS\System32\USER32.dll
0x00007ff9519e0000 - 0x00007ff951c73000 	C:\WINDOWS\WinSxS\amd64_microsoft.windows.common-controls_6595b64144ccf1df_6.0.26100.8115_none_3e075c82e3354f9c\COMCTL32.dll
0x00007ff963b20000 - 0x00007ff963b47000 	C:\WINDOWS\System32\win32u.dll
0x00007ff9643d0000 - 0x00007ff964479000 	C:\WINDOWS\System32\msvcrt.dll
0x00007ff966130000 - 0x00007ff96615b000 	C:\WINDOWS\System32\GDI32.dll
0x00007ff963f50000 - 0x00007ff96407b000 	C:\WINDOWS\System32\gdi32full.dll
0x00007ff962eb0000 - 0x00007ff962f53000 	C:\WINDOWS\System32\msvcp_win.dll
0x00007ff965a00000 - 0x00007ff965a32000 	C:\WINDOWS\System32\IMM32.DLL
0x00007ff95fed0000 - 0x00007ff95fedc000 	C:\Users\truon\.jdks\ms-17.0.19\bin\vcruntime140_1.dll
0x00007ff952710000 - 0x00007ff952799000 	C:\Users\truon\.jdks\ms-17.0.19\bin\msvcp140.dll
0x00007ff902ca0000 - 0x00007ff90391b000 	C:\Users\truon\.jdks\ms-17.0.19\bin\server\jvm.dll
0x00007ff965bd0000 - 0x00007ff965c86000 	C:\WINDOWS\System32\ADVAPI32.dll
0x00007ff965950000 - 0x00007ff9659f7000 	C:\WINDOWS\System32\sechost.dll
0x00007ff965830000 - 0x00007ff965948000 	C:\WINDOWS\System32\RPCRT4.dll
0x00007ff966320000 - 0x00007ff9663a0000 	C:\WINDOWS\System32\WS2_32.dll
0x00007ff961ad0000 - 0x00007ff961b2e000 	C:\WINDOWS\SYSTEM32\POWRPROF.dll
0x00007ff9582c0000 - 0x00007ff9582f6000 	C:\WINDOWS\SYSTEM32\WINMM.dll
0x00007ff95c210000 - 0x00007ff95c21b000 	C:\WINDOWS\SYSTEM32\VERSION.dll
0x00007ff961ab0000 - 0x00007ff961ac4000 	C:\WINDOWS\SYSTEM32\UMPDC.dll
0x00007ff961d60000 - 0x00007ff961d7b000 	C:\WINDOWS\SYSTEM32\kernel.appcore.dll
0x00007ff95c550000 - 0x00007ff95c55a000 	C:\Users\truon\.jdks\ms-17.0.19\bin\jimage.dll
0x00007ff959e00000 - 0x00007ff95a042000 	C:\WINDOWS\SYSTEM32\DBGHELP.DLL
0x00007ff964580000 - 0x00007ff964902000 	C:\WINDOWS\System32\combase.dll
0x00007ff965af0000 - 0x00007ff965bc8000 	C:\WINDOWS\System32\OLEAUT32.dll
0x00007ff94e9f0000 - 0x00007ff94ea2b000 	C:\WINDOWS\SYSTEM32\dbgcore.DLL
0x00007ff9637d0000 - 0x00007ff963875000 	C:\WINDOWS\System32\bcryptPrimitives.dll
0x00007ff952700000 - 0x00007ff95270f000 	C:\Users\truon\.jdks\ms-17.0.19\bin\instrument.dll
0x00007ff95b3e0000 - 0x00007ff95b406000 	C:\Users\truon\.jdks\ms-17.0.19\bin\java.dll
0x00007ff952610000 - 0x00007ff9526e6000 	C:\Users\truon\.jdks\ms-17.0.19\bin\jsvml.dll
0x00007ff964a70000 - 0x00007ff9651d7000 	C:\WINDOWS\System32\SHELL32.dll
0x00007ff964080000 - 0x00007ff9641ea000 	C:\WINDOWS\System32\wintypes.dll
0x00007ff962f60000 - 0x00007ff9637c8000 	C:\WINDOWS\System32\windows.storage.dll
0x00007ff966220000 - 0x00007ff966318000 	C:\WINDOWS\System32\SHCORE.dll
0x00007ff965700000 - 0x00007ff965766000 	C:\WINDOWS\System32\shlwapi.dll
0x00007ff962da0000 - 0x00007ff962dc9000 	C:\WINDOWS\SYSTEM32\profapi.dll
0x00007ff9525b0000 - 0x00007ff9525c8000 	C:\Users\truon\.jdks\ms-17.0.19\bin\zip.dll
0x00007ff9525f0000 - 0x00007ff95260b000 	C:\Users\truon\.jdks\ms-17.0.19\bin\net.dll
0x00007ff95ce20000 - 0x00007ff95cf4d000 	C:\WINDOWS\SYSTEM32\WINHTTP.dll
0x00007ff9622d0000 - 0x00007ff96233c000 	C:\WINDOWS\system32\mswsock.dll
0x00007ff9525d0000 - 0x00007ff9525e6000 	C:\Users\truon\.jdks\ms-17.0.19\bin\nio.dll
0x00007ff961740000 - 0x00007ff961872000 	C:\WINDOWS\SYSTEM32\DNSAPI.dll
0x00007ff9616b0000 - 0x00007ff9616e2000 	C:\WINDOWS\SYSTEM32\IPHLPAPI.DLL
0x00007ff9643c0000 - 0x00007ff9643ca000 	C:\WINDOWS\System32\NSI.dll
0x00007ff95bad0000 - 0x00007ff95badb000 	C:\Windows\System32\rasadhlp.dll
0x00007ff95c8f0000 - 0x00007ff95c976000 	C:\WINDOWS\System32\fwpuclnt.dll
0x00007ff9525a0000 - 0x00007ff9525a9000 	C:\Users\truon\.jdks\ms-17.0.19\bin\extnet.dll
0x00007ff952590000 - 0x00007ff95259a000 	C:\Users\truon\.jdks\ms-17.0.19\bin\management.dll
0x00007ff952580000 - 0x00007ff95258c000 	C:\Users\truon\.jdks\ms-17.0.19\bin\management_ext.dll
0x00007ff9663b0000 - 0x00007ff9663b8000 	C:\WINDOWS\System32\PSAPI.DLL
0x00007ff9625b0000 - 0x00007ff9625cb000 	C:\WINDOWS\SYSTEM32\CRYPTSP.dll
0x00007ff961cc0000 - 0x00007ff961cf9000 	C:\WINDOWS\system32\rsaenh.dll
0x00007ff962380000 - 0x00007ff9623b3000 	C:\WINDOWS\SYSTEM32\USERENV.dll
0x00007ff962dd0000 - 0x00007ff962dfa000 	C:\WINDOWS\SYSTEM32\bcrypt.dll
0x00007ff9625d0000 - 0x00007ff9625dc000 	C:\WINDOWS\SYSTEM32\CRYPTBASE.dll
0x000001e6ca930000 - 0x000001e6ca933000 	C:\Users\truon\.openjfx\cache\21.0.3+2\amd64\api-ms-win-core-console-l1-1-0.dll
0x000001e6ca940000 - 0x000001e6ca943000 	C:\Users\truon\.openjfx\cache\21.0.3+2\amd64\api-ms-win-core-console-l1-2-0.dll
0x00007ff95cd90000 - 0x00007ff95cdad000 	C:\WINDOWS\SYSTEM32\dhcpcsvc6.DLL
0x00007ff95cd60000 - 0x00007ff95cd85000 	C:\WINDOWS\SYSTEM32\dhcpcsvc.DLL
0x000001e6ca950000 - 0x000001e6ca953000 	C:\Users\truon\.openjfx\cache\21.0.3+2\amd64\api-ms-win-core-datetime-l1-1-0.dll
0x000001e6ca960000 - 0x000001e6ca963000 	C:\Users\truon\.openjfx\cache\21.0.3+2\amd64\api-ms-win-core-debug-l1-1-0.dll
0x000001e6ca970000 - 0x000001e6ca973000 	C:\Users\truon\.openjfx\cache\21.0.3+2\amd64\api-ms-win-core-errorhandling-l1-1-0.dll
0x000001e6cc830000 - 0x000001e6cc834000 	C:\Users\truon\.openjfx\cache\21.0.3+2\amd64\api-ms-win-core-file-l1-1-0.dll
0x000001e6efe80000 - 0x000001e6efe83000 	C:\Users\truon\.openjfx\cache\21.0.3+2\amd64\api-ms-win-core-file-l1-2-0.dll
0x000001e6efe90000 - 0x000001e6efe93000 	C:\Users\truon\.openjfx\cache\21.0.3+2\amd64\api-ms-win-core-file-l2-1-0.dll
0x000001e6efea0000 - 0x000001e6efea3000 	C:\Users\truon\.openjfx\cache\21.0.3+2\amd64\api-ms-win-core-handle-l1-1-0.dll
0x000001e6efeb0000 - 0x000001e6efeb3000 	C:\Users\truon\.openjfx\cache\21.0.3+2\amd64\api-ms-win-core-heap-l1-1-0.dll
0x000001e6efec0000 - 0x000001e6efec3000 	C:\Users\truon\.openjfx\cache\21.0.3+2\amd64\api-ms-win-core-interlocked-l1-1-0.dll
0x000001e6efed0000 - 0x000001e6efed3000 	C:\Users\truon\.openjfx\cache\21.0.3+2\amd64\api-ms-win-core-libraryloader-l1-1-0.dll
0x000001e6efee0000 - 0x000001e6efee3000 	C:\Users\truon\.openjfx\cache\21.0.3+2\amd64\api-ms-win-core-localization-l1-2-0.dll
0x000001e6efef0000 - 0x000001e6efef3000 	C:\Users\truon\.openjfx\cache\21.0.3+2\amd64\api-ms-win-core-memory-l1-1-0.dll
0x000001e6eff00000 - 0x000001e6eff03000 	C:\Users\truon\.openjfx\cache\21.0.3+2\amd64\api-ms-win-core-namedpipe-l1-1-0.dll
0x00007ff94b8e0000 - 0x00007ff94b8f8000 	C:\WINDOWS\system32\napinsp.dll
0x000001e6eff10000 - 0x000001e6eff13000 	C:\Users\truon\.openjfx\cache\21.0.3+2\amd64\api-ms-win-core-processenvironment-l1-1-0.dll
0x00007ff94b8c0000 - 0x00007ff94b8d3000 	C:\WINDOWS\System32\winrnr.dll
0x00007ff94b890000 - 0x00007ff94b8b2000 	C:\WINDOWS\system32\nlansp_c.dll
0x00007ff94b870000 - 0x00007ff94b886000 	C:\WINDOWS\system32\wshbth.dll
0x000001e6eff20000 - 0x000001e6eff23000 	C:\Users\truon\.openjfx\cache\21.0.3+2\amd64\api-ms-win-core-processthreads-l1-1-0.dll
0x000001e6eff30000 - 0x000001e6eff33000 	C:\Users\truon\.openjfx\cache\21.0.3+2\amd64\api-ms-win-core-processthreads-l1-1-1.dll
0x000001e6eff40000 - 0x000001e6eff43000 	C:\Users\truon\.openjfx\cache\21.0.3+2\amd64\api-ms-win-core-profile-l1-1-0.dll
0x000001e6eff50000 - 0x000001e6eff53000 	C:\Users\truon\.openjfx\cache\21.0.3+2\amd64\api-ms-win-core-rtlsupport-l1-1-0.dll
0x000001e6eff60000 - 0x000001e6eff63000 	C:\Users\truon\.openjfx\cache\21.0.3+2\amd64\api-ms-win-core-string-l1-1-0.dll
0x000001e6eff70000 - 0x000001e6eff73000 	C:\Users\truon\.openjfx\cache\21.0.3+2\amd64\api-ms-win-core-synch-l1-1-0.dll
0x000001e6eff80000 - 0x000001e6eff83000 	C:\Users\truon\.openjfx\cache\21.0.3+2\amd64\api-ms-win-core-synch-l1-2-0.dll
0x000001e6eff90000 - 0x000001e6eff93000 	C:\Users\truon\.openjfx\cache\21.0.3+2\amd64\api-ms-win-core-sysinfo-l1-1-0.dll
0x000001e6effa0000 - 0x000001e6effa3000 	C:\Users\truon\.openjfx\cache\21.0.3+2\amd64\api-ms-win-core-timezone-l1-1-0.dll
0x000001e6effb0000 - 0x000001e6effb3000 	C:\Users\truon\.openjfx\cache\21.0.3+2\amd64\api-ms-win-core-util-l1-1-0.dll
0x000001e6effc0000 - 0x000001e6effc3000 	C:\Users\truon\.openjfx\cache\21.0.3+2\amd64\api-ms-win-crt-conio-l1-1-0.dll
0x000001e6effd0000 - 0x000001e6effd4000 	C:\Users\truon\.openjfx\cache\21.0.3+2\amd64\api-ms-win-crt-convert-l1-1-0.dll
0x000001e6effe0000 - 0x000001e6effe3000 	C:\Users\truon\.openjfx\cache\21.0.3+2\amd64\api-ms-win-crt-environment-l1-1-0.dll
0x000001e6efff0000 - 0x000001e6efff3000 	C:\Users\truon\.openjfx\cache\21.0.3+2\amd64\api-ms-win-crt-filesystem-l1-1-0.dll
0x000001e6f5f10000 - 0x000001e6f5f13000 	C:\Users\truon\.openjfx\cache\21.0.3+2\amd64\api-ms-win-crt-heap-l1-1-0.dll
0x000001e6f5f20000 - 0x000001e6f5f23000 	C:\Users\truon\.openjfx\cache\21.0.3+2\amd64\api-ms-win-crt-locale-l1-1-0.dll
0x000001e6f5f30000 - 0x000001e6f5f35000 	C:\Users\truon\.openjfx\cache\21.0.3+2\amd64\api-ms-win-crt-math-l1-1-0.dll
0x000001e6f5f40000 - 0x000001e6f5f45000 	C:\Users\truon\.openjfx\cache\21.0.3+2\amd64\api-ms-win-crt-multibyte-l1-1-0.dll
0x000001e6f5f50000 - 0x000001e6f5f60000 	C:\Users\truon\.openjfx\cache\21.0.3+2\amd64\api-ms-win-crt-private-l1-1-0.dll
0x000001e6f5f60000 - 0x000001e6f5f63000 	C:\Users\truon\.openjfx\cache\21.0.3+2\amd64\api-ms-win-crt-process-l1-1-0.dll
0x000001e6f5f70000 - 0x000001e6f5f74000 	C:\Users\truon\.openjfx\cache\21.0.3+2\amd64\api-ms-win-crt-runtime-l1-1-0.dll
0x000001e6f5f80000 - 0x000001e6f5f84000 	C:\Users\truon\.openjfx\cache\21.0.3+2\amd64\api-ms-win-crt-stdio-l1-1-0.dll
0x000001e6f5f90000 - 0x000001e6f5f94000 	C:\Users\truon\.openjfx\cache\21.0.3+2\amd64\api-ms-win-crt-string-l1-1-0.dll
0x000001e6f5fa0000 - 0x000001e6f5fa3000 	C:\Users\truon\.openjfx\cache\21.0.3+2\amd64\api-ms-win-crt-time-l1-1-0.dll
0x000001e6f5fb0000 - 0x000001e6f5fb3000 	C:\Users\truon\.openjfx\cache\21.0.3+2\amd64\api-ms-win-crt-utility-l1-1-0.dll
0x00007ff945130000 - 0x00007ff94522c000 	C:\Users\truon\.openjfx\cache\21.0.3+2\amd64\ucrtbase.dll
0x00007ff94eb40000 - 0x00007ff94eb96000 	C:\WINDOWS\SYSTEM32\pdh.dll
0x00007ff9520f0000 - 0x00007ff95210b000 	C:\Users\truon\.openjfx\cache\21.0.3+2\amd64\vcruntime140.dll
0x00007ff9520c0000 - 0x00007ff9520cc000 	C:\Users\truon\.openjfx\cache\21.0.3+2\amd64\vcruntime140_1.dll
0x00007ff951f60000 - 0x00007ff951fee000 	C:\Users\truon\.openjfx\cache\21.0.3+2\amd64\msvcp140.dll
0x00007ff9520b0000 - 0x00007ff9520b9000 	C:\Users\truon\.openjfx\cache\21.0.3+2\amd64\msvcp140_1.dll
0x00007ff94e940000 - 0x00007ff94e981000 	C:\Users\truon\.openjfx\cache\21.0.3+2\amd64\msvcp140_2.dll
0x00007ff94e910000 - 0x00007ff94e940000 	C:\Users\truon\.openjfx\cache\21.0.3+2\amd64\prism_d3d.dll
0x00007ff959730000 - 0x00007ff9598e2000 	C:\WINDOWS\system32\d3d9.dll
0x00007ff960c80000 - 0x00007ff960caf000 	C:\WINDOWS\SYSTEM32\dwmapi.dll
0x00007ff960ac0000 - 0x00007ff960b03000 	C:\WINDOWS\SYSTEM32\dxcore.dll
0x00007ff960940000 - 0x00007ff9609e9000 	C:\WINDOWS\system32\uxtheme.dll
0x00007ff95cdb0000 - 0x00007ff95ce11000 	C:\WINDOWS\SYSTEM32\directxdatabasehelper.dll
0x00007ff962b40000 - 0x00007ff962b91000 	C:\WINDOWS\SYSTEM32\cfgmgr32.dll
0x00007ff962620000 - 0x00007ff962633000 	C:\WINDOWS\SYSTEM32\msasn1.dll
0x00007ff95c1d0000 - 0x00007ff95c20b000 	C:\WINDOWS\SYSTEM32\cryptnet.dll
0x00007ff9641f0000 - 0x00007ff964367000 	C:\WINDOWS\System32\CRYPT32.dll
0x00007ff963880000 - 0x00007ff963902000 	C:\WINDOWS\System32\WINTRUST.DLL
0x00007ff965770000 - 0x00007ff965790000 	C:\WINDOWS\System32\imagehlp.dll
0x00007ff9459d0000 - 0x00007ff945a12000 	C:\Users\truon\.openjfx\cache\21.0.3+2\amd64\glass.dll

dbghelp: loaded successfully - version: 4.0.5 - missing functions: none
symbol engine: initialized successfully - sym options: 0x614 - pdb path: .;C:\Users\truon\.jdks\ms-17.0.19\bin;C:\WINDOWS\SYSTEM32;C:\WINDOWS\WinSxS\amd64_microsoft.windows.common-controls_6595b64144ccf1df_6.0.26100.8115_none_3e075c82e3354f9c;C:\Users\truon\.jdks\ms-17.0.19\bin\server;C:\Users\truon\.openjfx\cache\21.0.3+2\amd64;C:\WINDOWS\System32\DriverStore\FileRepository\nvacegpu.inf_amd64_2d66535930dd8664;C:\WINDOWS\System32\DriverStore\FileRepository\u0371182.inf_amd64_e046f8d87ec91fad\B371034;C:\Program Files\Common Files\Microsoft Shared\Ink

VM Arguments:
jvm_args: -javaagent:C:\Program Files\JetBrains\IntelliJ IDEA 2024.2.0.2\lib\idea_rt.jar=57605 -Dfile.encoding=UTF-8 
java_command: iuh.fit.app.Launcher
java_class_path (initial): T:\BTLJV\target\classes;C:\Users\truon\.m2\repository\jakarta\persistence\jakarta.persistence-api\3.1.0\jakarta.persistence-api-3.1.0.jar;C:\Users\truon\.m2\repository\org\hibernate\orm\hibernate-core\6.4.4.Final\hibernate-core-6.4.4.Final.jar;C:\Users\truon\.m2\repository\jakarta\transaction\jakarta.transaction-api\2.0.1\jakarta.transaction-api-2.0.1.jar;C:\Users\truon\.m2\repository\org\jboss\logging\jboss-logging\3.5.0.Final\jboss-logging-3.5.0.Final.jar;C:\Users\truon\.m2\repository\org\hibernate\common\hibernate-commons-annotations\6.0.6.Final\hibernate-commons-annotations-6.0.6.Final.jar;C:\Users\truon\.m2\repository\io\smallrye\jandex\3.1.2\jandex-3.1.2.jar;C:\Users\truon\.m2\repository\com\fasterxml\classmate\1.5.1\classmate-1.5.1.jar;C:\Users\truon\.m2\repository\net\bytebuddy\byte-buddy\1.14.11\byte-buddy-1.14.11.jar;C:\Users\truon\.m2\repository\jakarta\xml\bind\jakarta.xml.bind-api\4.0.0\jakarta.xml.bind-api-4.0.0.jar;C:\Users\truon\.m2\repository\jakarta\activation\jakarta.activation-api\2.1.0\jakarta.activation-api-2.1.0.jar;C:\Users\truon\.m2\repository\jakarta\inject\jakarta.inject-api\2.0.1\jakarta.inject-api-2.0.1.jar;C:\Users\truon\.m2\repository\org\antlr\antlr4-runtime\4.13.0\antlr4-runtime-4.13.0.jar;C:\Users\truon\.m2\repository\org\glassfish\jaxb\jaxb-runtime\4.0.5\jaxb-runtime-4.0.5.jar;C:\Users\truon\.m2\repository\org\glassfish\jaxb\jaxb-core\4.0.5\jaxb-core-4.0.5.jar;C:\Users\truon\.m2\repository\org\eclipse\angus\angus-activation\2.0.2\angus-activation-2.0.2.jar;C:\Users\truon\.m2\repository\org\glassfish\jaxb\txw2\4.0.5\txw2-4.0.5.jar;C:\Users\truon\.m2\repository\com\sun\istack\istack-commons-runtime\4.1.2\istack-commons-runtime-4.1.2.jar;C:\Users\truon\.m2\repository\org\mariadb\jdbc\mariadb-java-client\3.3.3\mariadb-java-client-3.3.3.jar;C:\Users\truon\.m2\repository\com\github\waffle\waffle-jna\3.3.0\waffle-jna-3.3.0.jar;C:\Users\truon\.m2\repository\net\java\dev\jna\jna\5.13.0\jna-5.13.0.jar;C:\Users\tr
Launcher Type: SUN_STANDARD

[Global flags]
     intx CICompilerCount                          = 12                                        {product} {ergonomic}
     uint ConcGCThreads                            = 3                                         {product} {ergonomic}
     uint G1ConcRefinementThreads                  = 13                                        {product} {ergonomic}
   size_t G1HeapRegionSize                         = 2097152                                   {product} {ergonomic}
    uintx GCDrainStackTargetSize                   = 64                                        {product} {ergonomic}
   size_t InitialHeapSize                          = 257949696                                 {product} {ergonomic}
   size_t MarkStackSize                            = 4194304                                   {product} {ergonomic}
   size_t MaxHeapSize                              = 4123000832                                {product} {ergonomic}
   size_t MaxNewSize                               = 2472542208                                {product} {ergonomic}
   size_t MinHeapDeltaBytes                        = 2097152                                   {product} {ergonomic}
   size_t MinHeapSize                              = 8388608                                   {product} {ergonomic}
    uintx NonNMethodCodeHeapSize                   = 7602480                                {pd product} {ergonomic}
    uintx NonProfiledCodeHeapSize                  = 122027880                              {pd product} {ergonomic}
    uintx ProfiledCodeHeapSize                     = 122027880                              {pd product} {ergonomic}
    uintx ReservedCodeCacheSize                    = 251658240                              {pd product} {ergonomic}
     bool SegmentedCodeCache                       = true                                      {product} {ergonomic}
   size_t SoftMaxHeapSize                          = 4123000832                             {manageable} {ergonomic}
     bool UseCompressedClassPointers               = true                           {product lp64_product} {ergonomic}
     bool UseCompressedOops                        = true                           {product lp64_product} {ergonomic}
     bool UseG1GC                                  = true                                      {product} {ergonomic}
     bool UseLargePagesIndividualAllocation        = false                                  {pd product} {ergonomic}

Logging:
Log output configuration:
 #0: stdout all=warning uptime,level,tags
 #1: stderr all=off uptime,level,tags

Environment Variables:
PATH=C:\Program Files\Common Files\Oracle\Java\javapath;C:\Program Files\MongoDB\Server\6.0\bin;C:\Program Files\Microsoft MPI\Bin\;C:\Windows\system32;C:\Windows;C:\Windows\System32\Wbem;C:\Windows\System32\WindowsPowerShell\v1.0\;C:\Windows\System32\OpenSSH\;C:\Program Files (x86)\NVIDIA Corporation\PhysX\Common;C:\Program Files\NVIDIA Corporation\NVIDIA NvDLISR;C:\WINDOWS\system32;C:\WINDOWS;C:\WINDOWS\System32\Wbem;C:\WINDOWS\System32\WindowsPowerShell\v1.0\;C:\WINDOWS\System32\OpenSSH\;C:\Program Files\Java\jdk-22\bin;C:\Program Files (x86)\Microsoft SQL Server\160\Tools\Binn\;C:\Program Files\Microsoft SQL Server\160\Tools\Binn\;C:\Program Files\Microsoft SQL Server\Client SDK\ODBC\170\Tools\Binn\;C:\Program Files\Microsoft SQL Server\160\DTS\Binn\;C:\Program Files (x86)\Microsoft SQL Server\160\DTS\Binn\;C:\Program Files\MongoDB\Tools\100\bin;C:\Program Files\Cloudflare\Cloudflare WARP\;C:\Program Files\nodejs\;C:\Program Files\Git\cmd;C:\Users\truon\AppData\Local\Microsoft\WindowsApps;;C:\Program Files\JetBrains\IntelliJ IDEA 2024.2.0.2\bin;;C:\Users\truon\AppData\Local\Programs\mongosh\;C:\Users\truon\AppData\Local\Programs\Microsoft VS Code\bin;C:\Users\truon\AppData\Roaming\npm
USERNAME=truon
OS=Windows_NT
PROCESSOR_IDENTIFIER=AMD64 Family 25 Model 80 Stepping 0, AuthenticAMD
TMP=C:\Users\truon\AppData\Local\Temp
TEMP=C:\Users\truon\AppData\Local\Temp



Periodic native trim disabled


---------------  S Y S T E M  ---------------

OS:
 Windows 11 , 64 bit Build 26100 (10.0.26100.8246)
OS uptime: 0 days 3:02 hours

CPU: total 16 (initial active 16) (16 cores per cpu, 2 threads per core) family 25 model 80 stepping 0 microcode 0xa50000c, cx8, cmov, fxsr, ht, mmx, 3dnowpref, sse, sse2, sse3, ssse3, sse4a, sse4.1, sse4.2, popcnt, lzcnt, tsc, tscinvbit, avx, avx2, aes, erms, clmul, bmi1, bmi2, adx, sha, fma, vzeroupper, clflush, clflushopt
Processor Information for the first 16 processors :
  Max Mhz: 3201, Current Mhz: 3201, Mhz Limit: 3201

Memory: 4k page, system-wide physical 15724M (4186M free)
TotalPageFile size 19820M (AvailPageFile size 22M)
current process WorkingSet (physical memory assigned to process): 358M, peak: 381M
current process commit charge ("private bytes"): 533M, peak: 567M

vm_info: OpenJDK 64-Bit Server VM (17.0.19+10-LTS) for windows-amd64 JRE (17.0.19+10-LTS), built on Apr 18 2026 18:24:40 by "MicrosoftCorporation" with MS VC++ 17.14 (VS2022)

END.
